2025-12-16 12:26:37,195 - INFO - 163邮箱验证码监听工具 v2.0 启动
2025-12-16 12:26:37,196 - INFO - 成功加载 1 个邮箱账号
2025-12-16 12:26:37,197 - INFO - 开始监听验证码
2025-12-16 12:26:37,197 - INFO - [ai2051224312@163.com] 正在连接到IMAP服务器 (尝试 1/3)
2025-12-16 12:26:37,386 - ERROR - [ai2051224312@163.com] 安全验证错误: 检测到不安全登录
2025-12-16 12:26:37,387 - ERROR - 解决方案:
2025-12-16 12:26:37,387 - ERROR - 1. 请清除浏览器缓存后重新登录163邮箱网页版
2025-12-16 12:26:37,387 - ERROR - 2. 登录后检查「设置」>「账户与安全」>「登录记录」
2025-12-16 12:26:37,388 - ERROR - 3. 查找异常登录记录并点击「确认是我登录」
2025-12-16 12:26:37,388 - ERROR - 4. 或在「设置」>「POP3/SMTP/IMAP」中重新生成授权码
2025-12-16 12:26:37,388 - ERROR - 5. 尝试使用手机验证码重新验证邮箱
2025-12-16 12:26:37,389 - ERROR - 6. 如问题持续，请联系163邮箱客服: kefu@188.com
2025-12-16 12:26:37,389 - ERROR - [ai2051224312@163.com] 连接失败 (尝试 1/3): 不安全登录，请按上述提示操作
2025-12-16 12:26:37,389 - INFO - [ai2051224312@163.com] 5秒后重试...
2025-12-16 12:26:42,390 - INFO - [ai2051224312@163.com] 正在连接到IMAP服务器 (尝试 2/3)
2025-12-16 12:26:42,551 - ERROR - [ai2051224312@163.com] 安全验证错误: 检测到不安全登录
2025-12-16 12:26:42,552 - ERROR - 解决方案:
2025-12-16 12:26:42,552 - ERROR - 1. 请清除浏览器缓存后重新登录163邮箱网页版
2025-12-16 12:26:42,552 - ERROR - 2. 登录后检查「设置」>「账户与安全」>「登录记录」
2025-12-16 12:26:42,553 - ERROR - 3. 查找异常登录记录并点击「确认是我登录」
2025-12-16 12:26:42,553 - ERROR - 4. 或在「设置」>「POP3/SMTP/IMAP」中重新生成授权码
2025-12-16 12:26:42,553 - ERROR - 5. 尝试使用手机验证码重新验证邮箱
2025-12-16 12:26:42,554 - ERROR - 6. 如问题持续，请联系163邮箱客服: kefu@188.com
2025-12-16 12:26:42,554 - ERROR - [ai2051224312@163.com] 连接失败 (尝试 2/3): 不安全登录，请按上述提示操作
2025-12-16 12:26:42,555 - INFO - [ai2051224312@163.com] 5秒后重试...
